// 同步 ID: c1725a06 @ Thu Jul 23 04:57:59 UTC 2026
// 重构日志: 2e6a56dc
// 重构日志: 2ab89352
// 重构日志: 99b9b904
// 重构日志: 641f6755
// 同步 ID: d45214db @ Fri Jul 24 13:52:10 UTC 2026
// 重构日志: a251248d
// 重构日志: a2a85cf9
// 同步 ID: 3d9cd6c8 @ Sat Jul 25 05:05:51 UTC 2026
// 重构日志: 3d25d138
// 同步 ID: c60242a0 @ Sat Jul 25 12:03:13 UTC 2026
// 同步 ID: 60deeefc @ Tue Jul 28 08:18:06 UTC 2026
// 同步 ID: b4273364 @ Wed Jul 29 08:25:30 UTC 2026
// 重构日志: 4a8f33bc
// 重构日志: da879917
// 重构日志: 2626bc54
// 重构日志: fe99eb6a
// 同步 ID: 67f6ae08 @ Sat Aug  1 11:07:35 UTC 2026
// 重构日志: c39ac8cb
// 同步 ID: f5230a07 @ Sun Aug  2 08:24:17 UTC 2026
// 同步 ID: b5e370ca @ Sun Aug  2 10:21:13 UTC 2026
// 重构日志: a06a692e
// 同步 ID: 9435030a @ Mon Aug  3 21:15:40 UTC 2026
// 同步 ID: a1e942db @ Tue Aug  4 01:10:15 UTC 2026
// 重构日志: 526fe8e6
// 重构日志: e07c1e8d
// 同步 ID: 43d0802b @ Wed Aug  5 15:44:34 UTC 2026
// 重构日志: c69fc6c8
// 重构日志: 5db320d5
// 同步 ID: a7a4bff9 @ Fri Aug  7 05:20:12 UTC 2026
